2022-05-05 11:10:20,798 DEBUG    root            Loaded Command Group: ['gcloud', 'config']
2022-05-05 11:10:20,803 DEBUG    root            Loaded Command Group: ['gcloud', 'config', 'config_helper']
2022-05-05 11:10:20,805 DEBUG    root            Running [gcloud.config.config-helper] with arguments: [--format: "json"]
2022-05-05 11:10:20,865 DEBUG    google.auth.transport.requests Making request: POST https://oauth2.googleapis.com/token
2022-05-05 11:10:20,889 DEBUG    urllib3.connectionpool Starting new HTTPS connection (1): oauth2.googleapis.com:443
2022-05-05 11:10:21,040 DEBUG    urllib3.connectionpool https://oauth2.googleapis.com:443 "POST /token HTTP/1.1" 200 None
2022-05-05 11:10:21,071 DEBUG    google.auth.transport.requests Making request: POST https://oauth2.googleapis.com/token
2022-05-05 11:10:21,134 DEBUG    urllib3.connectionpool https://oauth2.googleapis.com:443 "POST /token HTTP/1.1" 200 None
2022-05-05 11:10:21,140 INFO     root            Display format: "default json"
2022-05-05 11:10:21,141 INFO     ___FILE_ONLY___ {
  "configuration": {
    "active_configuration": "default",
    "properties": {
      "core": {
        "account": "botnoi-devops@easy-sme.iam.gserviceaccount.com",
        "disable_usage_reporting": "True",
        "project": "easy-sme"
      }
    }
  },
  "credential": {
    "access_token": "ya29.c.b0AXv0zTM0mkpH9JSkhJn1-gutF6qtyXayhNpHN68XCdif_nSAiFAxselaAwSgZvEXuPozirnLyyOGNZa_IzBytwIDaogwtx5txmG2W2KVRPdi26xFIVV01T4K0uiDWr6mkaDopbBI_9yF1OwKJ0gMt5fpffJ2ROOtxvVkaJFqTNwEVlLq4ng6WV30SPfXIlxOy35_66E4_qJLQnLQHAsQ8PxAJQMouQH8yxjfTjnZ...............................................................................................................................................................................................................................................................................................................................................................................................................................................................................................................................................................................................................................................................................................................................................................................................................",
    "id_token": "eyJhbGciOiJSUzI1NiIsImtpZCI6ImZjYmQ3ZjQ4MWE4MjVkMTEzZTBkMDNkZDk0ZTYwYjY5ZmYxNjY1YTIiLCJ0eXAiOiJKV1QifQ.eyJhdWQiOiIzMjU1NTk0MDU1OS5hcHBzLmdvb2dsZXVzZXJjb250ZW50LmNvbSIsImF6cCI6ImJvdG5vaS1kZXZvcHNAZWFzeS1zbWUuaWFtLmdzZXJ2aWNlYWNjb3VudC5jb20iLCJlbWFpbCI6ImJvdG5vaS1kZXZvcHNAZWFzeS1zbWUuaWFtLmdzZXJ2aWNlYWNjb3VudC5jb20iLCJlbWFpbF92ZXJpZmllZCI6dHJ1ZSwiZXhwIjoxNjUxNzI3NDIxLCJpYXQiOjE2NTE3MjM4MjEsImlzcyI6Imh0dHBzOi8vYWNjb3VudHMuZ29vZ2xlLmNvbSIsInN1YiI6IjExMzA1OTM4MjY2MzU0NTc4NzEyNiJ9.XI8DeFV2UOEgx2eOglWtYE9VU5C_SB1gx0DEa7RUZq4XYQFi3uGAqwNn-uIJ-yLnh5tH__UpDg3dB5xdfUfANVTBdVeOMqvB1Zj1gqd3jDid6_uhZgXfxpEb-DRMKEFjSlusRnXYRmBImsKd9yW3zbeZMa2e20kfwbVxWxQBhc2DRkucfCXS-s5mgkvZ1ooUnVtgxyhl_9ZDHEa0_rLgqkPzwq5nQFEIvC9FgFUeXgnFkOYNQNNAYOMBLLjYXvnPOB7aNZmlt7BzHPE3vdyyQES2V2DShQWdQeVTMN5U5mHB-ldG0Qr_VlEJo8Yd66SIAUe6GuA4bXX3WjJBU32I7A",
    "token_expiry": "2022-05-05T05:10:20Z"
  },
  "sentinels": {
    "config_sentinel": "/Users/canvas/.config/gcloud/config_sentinel"
  }
}
2022-05-05 11:10:21,141 INFO     ___FILE_ONLY___ 

2022-05-05 11:10:21,143 DEBUG    root            Checking for updates...
2022-05-05 11:10:21,157 DEBUG    urllib3.connectionpool Starting new HTTPS connection (1): dl.google.com:443
2022-05-05 11:10:21,289 DEBUG    urllib3.connectionpool https://dl.google.com:443 "GET /dl/cloudsdk/channels/rapid/components-2.json HTTP/1.1" 200 187079
2022-05-05 11:10:21,459 DEBUG    root            Updating notification cache...
2022-05-05 11:10:21,459 DEBUG    root            Activating notification: [default]
